[logging] tee'ing all output to /Users/brendan.budworth/dev/thesis/experiments/outputs/22a_20260519_224633.log
Script 22a - bootstrap CI on M2 canonical-transfer gate
  N_BOOTSTRAP: 500
  GATE_THRESHOLD: 0.65
  Cache requirement: script-21 v3-multi-anchor caches

============================================================================================
LOADING SCRIPT-21 CACHES
============================================================================================
  [cache] 21_OLMo_2_7B_NEUTRAL: shape=(2, 250, 33, 4096), anchors=[np.str_('operator-after'), np.str_('sentence-final')]
  [cache] 21_OLMo_2_7B_FUNC-PFX: shape=(4, 250, 33, 4096), anchors=[np.str_('operator-after'), np.str_('first-arg'), np.str_('close-paren'), np.str_('sentence-final')]
  [cache] 21_Gemma_2_9B_NEUTRAL: shape=(2, 250, 43, 3584), anchors=[np.str_('operator-after'), np.str_('sentence-final')]
  [cache] 21_Gemma_2_9B_FUNC-PFX: shape=(4, 250, 43, 3584), anchors=[np.str_('operator-after'), np.str_('first-arg'), np.str_('close-paren'), np.str_('sentence-final')]

============================================================================================
BOOTSTRAP M2 CANONICAL-TRANSFER GATE (500 stim-resamples per cell)
============================================================================================

  Cell role legend:
    primary-candidate    cross-notation arity-respecting transfer candidate from §3.7.9
    neg-control          known M2-FAIL reverse direction
    pos-control          known M2-PASS pairing
    threshold-boundary   M2 just above 0.65 in 19b v2; tests stability
    lucky-default-neg    high-M4b lucky-default cell; M2 should stay at floor

  cell                                                    | point | mean  | 95% CI         | P(>= 0.65) | role
  ------------------------------------------------------------------------------------------------------------------------
  OLMo close-paren L10 N->F (primary candidate)           | 0.924 | 0.873 | [0.800, 1.000] |   100.0% | primary-candidate (14.5s)
  OLMo close-paren L10 F->N (reverse, known-FAIL)         | 0.396 | 0.396 | [0.380, 0.412] |     0.0% | neg-control (12.0s)
  OLMo operator-after L10 N->F (known PASS)               | 0.800 | 0.800 | [0.800, 0.800] |   100.0% | pos-control (14.6s)
  Gemma 2 op-after L17 F->N (threshold boundary)          | 0.640 | 0.649 | [0.604, 0.680] |    60.2% | threshold-boundary (19.0s)
  OLMo operator-after L7 F->N (lucky-default known-FAIL)  | 0.212 | 0.212 | [0.212, 0.212] |     0.0% | lucky-default-neg (20.8s)
  Gemma first-arg L8 F->N (lucky-default known-FAIL)      | 0.772 | 0.767 | [0.712, 0.804] |    99.8% | lucky-default-neg (18.0s)

============================================================================================
CONFUSION MATRIX AT POINT ESTIMATE (5x5, true class -> predicted class)
============================================================================================

  OLMo close-paren L10 N->F (primary candidate)
    
      pred ->  | and          | or           | not          | implies      | necessarily 
      true and   | 50           | 0            | 0            | 0            | 0           
      true or    | 0            | 50           | 0            | 0            | 0           
      true not   | 0            | 0            | 50           | 0            | 0           
      true implies | 0            | 0            | 0            | 50           | 0           
      true necessarily | 0            | 0            | 0            | 19           | 31          

  OLMo close-paren L10 F->N (reverse, known-FAIL)
    
      pred ->  | and          | or           | not          | implies      | necessarily 
      true and   | 15           | 0            | 31           | 1            | 3           
      true or    | 1            | 2            | 41           | 0            | 6           
      true not   | 0            | 0            | 50           | 0            | 0           
      true implies | 0            | 0            | 13           | 7            | 30          
      true necessarily | 0            | 0            | 24           | 1            | 25          

  Gemma 2 op-after L17 F->N (threshold boundary)
    
      pred ->  | and          | or           | not          | implies      | necessarily 
      true and   | 38           | 0            | 9            | 2            | 1           
      true or    | 25           | 9            | 10           | 6            | 0           
      true not   | 0            | 0            | 50           | 0            | 0           
      true implies | 0            | 0            | 13           | 35           | 2           
      true necessarily | 0            | 0            | 22           | 0            | 28          

============================================================================================
INTERPRETATION
============================================================================================

  PRIMARY CANDIDATE: OLMo close-paren L10 N->F (primary candidate)
    point M2:        0.924
    bootstrap mean:  0.873  (std 0.073)
    95% CI:          [0.800, 1.000]
    P(M2 >= 0.65):   100.0%

  *** Bootstrap UPGRADE the verdict to 'PASS within statistical noise'
      (P(M2 >= 0.65) = 100.0% >= 50% means more
      than half of bootstrap samples PASS the threshold).

  IMPLICATION FOR §3.7.9:
    The candidate finding at OLMo 2 close-paren L10 N->F is upgraded.
    Update paper_notes §3.7.9 to reflect 'bootstrap-PASS within statistical
    noise' rather than 'AMBIG at the threshold'.

[logging] full transcript written to: /Users/brendan.budworth/dev/thesis/experiments/outputs/22a_20260519_224633.log
