[logging] tee'ing all output to /Users/brendan.budworth/dev/thesis/experiments/outputs/22a_20260519_225109.log
Script 22a - bootstrap CI on M2 canonical-transfer gate
  N_BOOTSTRAP: 500
  GATE_THRESHOLD: 0.65
  Cache requirement: script-21 v3-multi-anchor caches

============================================================================================
LOADING SCRIPT-21 CACHES
============================================================================================
  [cache] 21_OLMo_2_7B_NEUTRAL: shape=(2, 250, 33, 4096), anchors=[np.str_('operator-after'), np.str_('sentence-final')]
  [cache] 21_OLMo_2_7B_FUNC-PFX: shape=(4, 250, 33, 4096), anchors=[np.str_('operator-after'), np.str_('first-arg'), np.str_('close-paren'), np.str_('sentence-final')]
  [cache] 21_Gemma_2_9B_NEUTRAL: shape=(2, 250, 43, 3584), anchors=[np.str_('operator-after'), np.str_('sentence-final')]
  [cache] 21_Gemma_2_9B_FUNC-PFX: shape=(4, 250, 43, 3584), anchors=[np.str_('operator-after'), np.str_('first-arg'), np.str_('close-paren'), np.str_('sentence-final')]

============================================================================================
BOOTSTRAP M2 CANONICAL-TRANSFER GATE (500 stim-resamples per cell)
============================================================================================

  Cell role legend:
    primary-candidate    cross-notation arity-respecting transfer candidate from §3.7.9
    neg-control          known M2-FAIL reverse direction
    pos-control          known M2-PASS pairing
    threshold-boundary   M2 just above 0.65 in 19b v2; tests stability
    lucky-default-neg    high-M4b lucky-default cell; M2 should stay at floor

  cell                                                    | point | mean  | 95% CI         | P(>= 0.65) | role
  ------------------------------------------------------------------------------------------------------------------------
  [CANDIDATE] OLMo sf->cp L10 N->F (script-21 §3.7.9 cell) | 0.616 | 0.602 | [0.432, 0.682] |     7.0% | primary-candidate (33.8s)
  [ALT-TRAIN] OLMo opAft->cp L10 N->F (corrected: NEUT op-after train) | 0.924 | 0.869 | [0.800, 1.000] |   100.0% | alt-train (14.6s)
  [REV] OLMo cp->sf L10 F->N (reverse of §3.7.9, known-FAIL) | 0.332 | 0.330 | [0.308, 0.346] |     0.0% | neg-control (12.1s)
  [REV] OLMo cp->opAft L10 F->N (reverse of alt-train)    | 0.396 | 0.396 | [0.376, 0.408] |     0.0% | neg-control (12.1s)
  [POS] OLMo opAft->opAft L10 N->F (known PASS)           | 0.800 | 0.800 | [0.800, 0.800] |   100.0% | pos-control (14.8s)
  [BOUNDARY] Gemma opAft->opAft L17 F->N (boundary at 0.652) | 0.640 | 0.648 | [0.604, 0.684] |    53.6% | threshold-boundary (19.2s)
  [LUCKY-NEG] OLMo opAft->opAft L7 F->N (lucky-default M4b=80%) | 0.212 | 0.212 | [0.212, 0.212] |     0.0% | lucky-default-neg (20.9s)
  [LUCKY-NEG] Gemma firstArg->sf L8 F->N (lucky-default M4b=73.6%) | 0.200 | 0.200 | [0.200, 0.204] |     0.0% | lucky-default-neg (18.0s)

============================================================================================
M4a/b/c AT CANDIDATE CELLS (invented_breakdown using the SAME train anchor)
============================================================================================

  This re-runs script-21's invented_breakdown using each cell's actual
  train anchor on the canonical side. The original §3.7.9 candidate uses
  NEUTRAL `sentence-final` as the train anchor; the [ALT-TRAIN] cells use
  NEUTRAL `operator-after`. M4b differs at the two cells (per-word readout
  depends on which canonical-discrimination axis the model uses).

  cell                                                    | M4a   | M4b   | M4c   | per-word top (unary%)
  ----------------------------------------------------------------------------------------------------------------------------------
  [CANDIDATE] OLMo sf->cp L10 N->F (script-21 §3.7.9 cell) | 30.0% | 90.0% |  0.57 | bliq=>and(0%U) dren=>and(0%U) vusp=>necessarily(100%U) molex=>and(0%U) perph=>and(50%U)
  [ALT-TRAIN] OLMo opAft->cp L10 N->F (corrected: NEUT op-after train) | 100.0% | 40.0% |  1.00 | bliq=>necessarily(100%U) dren=>necessarily(100%U) vusp=>necessarily(100%U) molex=>necessarily(100%U) perph=>necessarily(100%U)
  [REV] OLMo cp->sf L10 F->N (reverse of §3.7.9, known-FAIL) | 96.0% | 40.8% |  0.92 | bliq=>not(94%U) dren=>not(96%U) vusp=>not(96%U) molex=>not(98%U) perph=>not(96%U)
  [REV] OLMo cp->opAft L10 F->N (reverse of alt-train)    | 100.0% | 40.0% |  0.95 | bliq=>not(100%U) dren=>not(100%U) vusp=>not(100%U) molex=>not(100%U) perph=>not(100%U)
  [POS] OLMo opAft->opAft L10 N->F (known PASS)           |  0.0% | 60.0% |  1.00 | bliq=>implies(0%U) dren=>implies(0%U) vusp=>implies(0%U) molex=>implies(0%U) perph=>implies(0%U)
  [BOUNDARY] Gemma opAft->opAft L17 F->N (boundary at 0.652) | 99.2% | 40.0% |  0.98 | bliq=>not(100%U) dren=>not(98%U) vusp=>not(100%U) molex=>not(100%U) perph=>not(98%U)
  [LUCKY-NEG] OLMo opAft->opAft L7 F->N (lucky-default M4b=80%) |  0.0% | 60.0% |  1.00 | bliq=>implies(0%U) dren=>implies(0%U) vusp=>implies(0%U) molex=>implies(0%U) perph=>implies(0%U)
  [LUCKY-NEG] Gemma firstArg->sf L8 F->N (lucky-default M4b=73.6%) |  0.0% | 60.0% |  1.00 | bliq=>implies(0%U) dren=>implies(0%U) vusp=>implies(0%U) molex=>implies(0%U) perph=>implies(0%U)

============================================================================================
CONFUSION MATRIX AT POINT ESTIMATE (5x5, true class -> predicted class)
============================================================================================

  [CANDIDATE] OLMo sf->cp L10 N->F (script-21 §3.7.9 cell)
    
      pred ->  | and          | or           | not          | implies      | necessarily 
      true and   | 50           | 0            | 0            | 0            | 0           
      true or    | 50           | 0            | 0            | 0            | 0           
      true not   | 0            | 0            | 50           | 0            | 0           
      true implies | 46           | 0            | 0            | 4            | 0           
      true necessarily | 0            | 0            | 0            | 0            | 50          

  [ALT-TRAIN] OLMo opAft->cp L10 N->F (corrected: NEUT op-after train)
    
      pred ->  | and          | or           | not          | implies      | necessarily 
      true and   | 50           | 0            | 0            | 0            | 0           
      true or    | 0            | 50           | 0            | 0            | 0           
      true not   | 0            | 0            | 50           | 0            | 0           
      true implies | 0            | 0            | 0            | 50           | 0           
      true necessarily | 0            | 0            | 0            | 19           | 31          

  [REV] OLMo cp->sf L10 F->N (reverse of §3.7.9, known-FAIL)
    
      pred ->  | and          | or           | not          | implies      | necessarily 
      true and   | 5            | 0            | 24           | 13           | 8           
      true or    | 0            | 0            | 41           | 4            | 5           
      true not   | 0            | 0            | 49           | 1            | 0           
      true implies | 0            | 0            | 19           | 18           | 13          
      true necessarily | 0            | 0            | 36           | 3            | 11          

  [REV] OLMo cp->opAft L10 F->N (reverse of alt-train)
    
      pred ->  | and          | or           | not          | implies      | necessarily 
      true and   | 15           | 0            | 31           | 1            | 3           
      true or    | 1            | 2            | 41           | 0            | 6           
      true not   | 0            | 0            | 50           | 0            | 0           
      true implies | 0            | 0            | 13           | 7            | 30          
      true necessarily | 0            | 0            | 24           | 1            | 25          

  [BOUNDARY] Gemma opAft->opAft L17 F->N (boundary at 0.652)
    
      pred ->  | and          | or           | not          | implies      | necessarily 
      true and   | 38           | 0            | 9            | 2            | 1           
      true or    | 25           | 9            | 10           | 6            | 0           
      true not   | 0            | 0            | 50           | 0            | 0           
      true implies | 0            | 0            | 13           | 35           | 2           
      true necessarily | 0            | 0            | 22           | 0            | 28          

============================================================================================
INTERPRETATION
============================================================================================

  PRIMARY CANDIDATE (§3.7.9, train @ NEUTRAL sentence-final):
    [CANDIDATE] OLMo sf->cp L10 N->F (script-21 §3.7.9 cell)
    point M2:        0.616
    bootstrap mean:  0.602  (std 0.062)
    95% CI:          [0.432, 0.682]
    P(M2 >= 0.65):   7.0%
    M4a / M4b / M4c: 30.0% / 90.0% / 0.57

  ALTERNATIVE CANDIDATE (train @ NEUTRAL operator-after):
    [ALT-TRAIN] OLMo opAft->cp L10 N->F (corrected: NEUT op-after train)
    point M2:        0.924
    bootstrap mean:  0.869  (std 0.070)
    95% CI:          [0.800, 1.000]
    P(M2 >= 0.65):   100.0%
    M4a / M4b / M4c: 100.0% / 40.0% / 1.00

  These two cells differ ONLY in the NEUTRAL training anchor used for the
  5-class canonical probe. Both test on FUNC-PFX close-paren L10. If the
  ALT-TRAIN cell has both higher M2 AND comparable / higher M4b, the §3.7.9
  framing should be updated to use the operator-after training anchor (the
  canonical-rich NEUTRAL position) rather than sentence-final.

  --- Bootstrap supports the AMBIG verdict: 95% CI extends across the
      0.65 threshold but the bootstrap is biased below (7.0%
      of samples PASS). Threshold itself is fragile here.

  IMPLICATION FOR §3.7.9:
    The candidate remains AMBIG but the threshold itself is fragile.
    Add the bootstrap CI to paper_notes §3.7.9; flag the threshold as a
    methodological concern for future M2 verdicts.

[logging] full transcript written to: /Users/brendan.budworth/dev/thesis/experiments/outputs/22a_20260519_225109.log
