[logging] tee'ing all output to /Users/brendan.budworth/dev/thesis/experiments/outputs/23_20260520_174223.log
Script 23 - Pythia 6.9B-deduped cross-model replication
STIMULUS_VERSION=v5-expanded-canonical  SEED=17  N_PER_CLASS=50

Model: Pythia 6.9B-deduped (EleutherAI/pythia-6.9b-deduped)
  dtype: torch.float16
  focus_layers: [4, 7, 10, 16, 24]

Canonical set (10): ['and', 'or', 'implies', 'xor', 'nand', 'not', 'necessarily', 'possibly', 'always', 'negate']
Invented set (16):  ['bliq', 'dren', 'molex', 'krev', 'sond', 'glin', 'twiv', 'fump', 'vusp', 'perph', 'kelm', 'zorf', 'gleph', 'drelth', 'vrith', 'nilph']

Scopes under test:
  v3: 5 canonicals + 5 invented (comparable to 22b on OLMo/Gemma)
  v4: 5 canonicals + 16 invented (comparable to 22c)
  v5: 10 canonicals + 16 invented (comparable to 22d; principal analysis)

====================================================================================================
PYTHIA TOKENIZATION AUDIT (10 canonicals + 16 invented words)
====================================================================================================
  word           subwords                                           n
  and (B)        [' and']                                           1
  or (B)         [' or']                                            1
  implies (B)    [' implies']                                       1
  xor (B)        [' x', 'or']                                       2 (NEW)
  nand (B)       [' n', 'and']                                      2 (NEW)
  not (U)        [' not']                                           1
  necessarily (U) [' necessarily']                                   1
  possibly (U)   [' possibly']                                      1 (NEW)
  always (U)     [' always']                                        1 (NEW)
  negate (U)     [' neg', 'ate']                                    2 (NEW)

  bliq (I)       [' bl', 'iq']                                      2
  dren (I)       [' d', 'ren']                                      2
  molex (I)      [' mole', 'x']                                     2
  krev (I)       [' k', 'rev']                                      2
  sond (I)       [' s', 'ond']                                      2
  glin (I)       [' gl', 'in']                                      2
  twiv (I)       [' tw', 'iv']                                      2
  fump (I)       [' f', 'ump']                                      2
  vusp (I)       [' v', 'usp']                                      2
  perph (I)      [' per', 'ph']                                     2
  kelm (I)       [' k', 'elm']                                      2
  zorf (I)       [' z', 'orf']                                      2
  gleph (I)      [' gle', 'ph']                                     2
  drelth (I)     [' d', 'rel', 'th']                                3
  vrith (I)      [' v', 'r', 'ith']                                 3
  nilph (I)      [' nil', 'ph']                                     2

Device: MPS (Apple Silicon)

====================================================================================================
PHASE A: cache extraction
====================================================================================================

  Loading model: EleutherAI/pythia-6.9b-deduped
Loading weights:   0%|          | 0/388 [00:00<?, ?it/s]Loading weights: 100%|##########| 388/388 [00:00<00:00, 74729.76it/s]
    loaded in 50.6s (32 layers, hidden_size=4096)

  -- Building NEUTRAL condition --

  Building condition: NEUTRAL (anchors=['operator-after', 'sentence-final']; extracting)
    extracting canonical activations (500 stim)...
      39.3s, shape=(2, 500, 33, 4096)
    extracting invented activations (800 stim)...
      68.5s, shape=(2, 800, 33, 4096)
    [cache] saved 23_Pythia_6.9B-deduped_NEUTRAL_npc50_v5-expanded-canonical.npz (648.5 MB)

  -- Building FUNC-PFX condition --

  Building condition: FUNC-PFX (anchors=['operator-after', 'first-arg', 'close-paren', 'sentence-final']; extracting)
    extracting canonical activations (500 stim)...
      54.6s, shape=(4, 500, 33, 4096)
    extracting invented activations (800 stim)...
      87.4s, shape=(4, 800, 33, 4096)
    [cache] saved 23_Pythia_6.9B-deduped_FUNC-PFX_npc50_v5-expanded-canonical.npz (1296.9 MB)

  -- Phase A total time: 352.7s --

====================================================================================================
PHASE B: full anchor x layer sweep at three scopes (v3, v4, v5)
====================================================================================================
  scope v3: 80 cells in 95.8s
  scope v4: 80 cells in 96.6s
  scope v5: 80 cells in 286.9s

====================================================================================================
PHASE C: per-scope sweep tables + top-K cells + breakdown
====================================================================================================

========================================================================================================================================================================================================
  Pythia 6.9B-deduped - v3 scope - full sweep (80 cells)
========================================================================================================================================================================================================
  cell                             | M1tr  | M1te  | M2cano  | M2arty  | gap    | M4a    | M4b    | M4c   | pwmin | verdict       
  --------------------------------------------------------------------------------------------------------------------------------
  v3 N->F opera->opera L 4         | 1.00  | 1.00  | 1.000   | 1.000   | +0.000 |  0.0% | 60.0% | 0.68  | 1.00  | LUCKY-NEG *L  
  v3 N->F opera->first L 4         | 1.00  | 1.00  | 1.000   | 1.000   | +0.000 |  0.0% | 60.0% | 0.80  | 0.64  | M2A-ONLY      
  v3 N->F opera->close L 4         | 1.00  | 1.00  | 0.820   | 0.920   | +0.100 | 54.8% | 66.8% | 0.44  | 0.44  | PASS-arity    
  v3 N->F opera->sente L 4         | 1.00  | 1.00  | 0.256   | 0.604   | +0.348 | 15.2% | 59.2% | 0.74  | 0.78  | FAIL          
  v3 N->F sente->opera L 4         | 1.00  | 1.00  | 1.000   | 1.000   | +0.000 | 60.0% | 80.0% | 0.52  | 1.00  | LUCKY-NEG *L  
  v3 N->F sente->first L 4         | 1.00  | 1.00  | 0.752   | 0.920   | +0.168 | 87.6% | 38.0% | 0.78  | 0.64  | M2A-ONLY      
  v3 N->F sente->close L 4         | 1.00  | 1.00  | 1.000   | 1.000   | +0.000 | 99.6% | 40.4% | 0.99  | 0.98  | LUCKY-NEG *L  
  v3 N->F sente->sente L 4         | 1.00  | 1.00  | 0.616   | 0.828   | +0.212 |  0.0% | 60.0% | 0.81  | 0.82  | M2A-ONLY      
  v3 F->N opera->opera L 4         | 1.00  | 1.00  | 0.784   | 0.968   | +0.184 |  0.0% | 60.0% | 1.00  | 1.00  | LUCKY-NEG *L  
  v3 F->N opera->sente L 4         | 1.00  | 1.00  | 0.212   | 0.608   | +0.396 |  0.0% | 60.0% | 1.00  | 1.00  | LUCKY-NEG *L  
  v3 F->N first->opera L 4         | 1.00  | 1.00  | 1.000   | 1.000   | +0.000 | 26.0% | 54.0% | 0.61  | 0.64  | M2A-ONLY      
  v3 F->N first->sente L 4         | 1.00  | 1.00  | 0.528   | 0.764   | +0.236 | 40.0% | 52.0% | 0.47  | 0.48  | M2A-ONLY      
  v3 F->N close->opera L 4         | 1.00  | 1.00  | 0.540   | 0.716   | +0.176 |  0.0% | 60.0% | 1.00  | 1.00  | LUCKY-NEG *L  
  v3 F->N close->sente L 4         | 1.00  | 1.00  | 0.208   | 0.600   | +0.392 |  0.0% | 60.0% | 1.00  | 1.00  | LUCKY-NEG *L  
  v3 F->N sente->opera L 4         | 1.00  | 1.00  | 0.744   | 0.848   | +0.104 | 93.6% | 44.0% | 0.88  | 0.88  | M2A-ONLY      
  v3 F->N sente->sente L 4         | 1.00  | 1.00  | 0.688   | 0.764   | +0.076 | 85.6% | 44.8% | 0.55  | 0.68  | M2A-ONLY      
  v3 N->F opera->opera L 7         | 1.00  | 1.00  | 1.000   | 1.000   | +0.000 | 20.0% | 80.0% | 0.68  | 1.00  | LUCKY-NEG *L  
  v3 N->F opera->first L 7         | 1.00  | 1.00  | 1.000   | 1.000   | +0.000 |  0.0% | 60.0% | 0.69  | 0.58  | M2A-ONLY      
  v3 N->F opera->close L 7         | 1.00  | 1.00  | 1.000   | 1.000   | +0.000 | 31.6% | 79.6% | 0.55  | 0.56  | PASS-arity    
  v3 N->F opera->sente L 7         | 1.00  | 1.00  | 0.412   | 0.756   | +0.344 |  1.6% | 59.2% | 0.91  | 0.92  | M2A-ONLY      
  v3 N->F sente->opera L 7         | 1.00  | 1.00  | 0.800   | 1.000   | +0.200 | 100.0% | 40.0% | 1.00  | 1.00  | LUCKY-NEG *L  
  v3 N->F sente->first L 7         | 1.00  | 1.00  | 0.724   | 0.956   | +0.232 | 91.6% | 42.0% | 0.44  | 0.54  | M2A-ONLY      
  v3 N->F sente->close L 7         | 1.00  | 1.00  | 1.000   | 1.000   | +0.000 | 97.2% | 42.8% | 0.95  | 0.86  | M2A-ONLY      
  v3 N->F sente->sente L 7         | 1.00  | 1.00  | 0.652   | 0.944   | +0.292 |  0.0% | 60.0% | 0.96  | 0.90  | M2A-ONLY      
  v3 F->N opera->opera L 7         | 1.00  | 1.00  | 0.768   | 0.960   | +0.192 |  0.0% | 60.0% | 1.00  | 1.00  | LUCKY-NEG *L  
  v3 F->N opera->sente L 7         | 1.00  | 1.00  | 0.240   | 0.624   | +0.384 |  2.4% | 59.2% | 0.95  | 0.96  | LUCKY-NEG *L  
  v3 F->N first->opera L 7         | 1.00  | 1.00  | 0.940   | 0.984   | +0.044 | 91.6% | 40.4% | 0.84  | 0.88  | M2A-ONLY      
  v3 F->N first->sente L 7         | 1.00  | 1.00  | 0.328   | 0.704   | +0.376 | 16.4% | 57.2% | 0.73  | 0.82  | M2A-ONLY      
  v3 F->N close->opera L 7         | 1.00  | 1.00  | 0.264   | 0.652   | +0.388 |  0.0% | 60.0% | 1.00  | 1.00  | LUCKY-NEG *L  
  v3 F->N close->sente L 7         | 1.00  | 1.00  | 0.200   | 0.600   | +0.400 |  0.0% | 60.0% | 1.00  | 1.00  | LUCKY-NEG *L  
  v3 F->N sente->opera L 7         | 1.00  | 1.00  | 0.532   | 0.732   | +0.200 | 98.0% | 40.4% | 0.91  | 0.92  | M2A-ONLY      
  v3 F->N sente->sente L 7         | 1.00  | 1.00  | 0.588   | 0.716   | +0.128 | 78.4% | 45.6% | 0.36  | 0.42  | M2A-ONLY      
  v3 N->F opera->opera L10         | 0.99  | 1.00  | 1.000   | 1.000   | +0.000 |  0.0% | 60.0% | 1.00  | 1.00  | LUCKY-NEG *L  
  v3 N->F opera->first L10         | 0.99  | 1.00  | 0.768   | 0.768   | +0.000 |  0.0% | 60.0% | 1.00  | 1.00  | LUCKY-NEG *L  
  v3 N->F opera->close L10         | 0.99  | 1.00  | 0.848   | 0.884   | +0.036 |  3.6% | 63.6% | 0.53  | 0.48  | M2A-ONLY      
  v3 N->F opera->sente L10         | 0.99  | 1.00  | 0.496   | 0.796   | +0.300 | 38.8% | 51.6% | 0.48  | 0.56  | M2A-ONLY      
  v3 N->F sente->opera L10         | 1.00  | 1.00  | 0.800   | 1.000   | +0.200 | 80.0% | 20.0% | 0.44  | 1.00  | LUCKY-NEG *L  
  v3 N->F sente->first L10         | 1.00  | 1.00  | 0.776   | 0.840   | +0.064 | 67.6% | 53.2% | 0.54  | 0.54  | M2A-ONLY      
  v3 N->F sente->close L10         | 1.00  | 1.00  | 0.800   | 1.000   | +0.200 | 72.0% | 64.8% | 0.39  | 0.60  | M2A-ONLY      
  v3 N->F sente->sente L10         | 1.00  | 1.00  | 0.740   | 0.988   | +0.248 | 27.2% | 49.6% | 0.48  | 0.50  | M2A-ONLY      
  v3 F->N opera->opera L10         | 1.00  | 0.99  | 0.636   | 0.812   | +0.176 |  0.0% | 60.0% | 1.00  | 1.00  | LUCKY-NEG *L  
  v3 F->N opera->sente L10         | 1.00  | 1.00  | 0.204   | 0.600   | +0.396 |  0.0% | 60.0% | 1.00  | 1.00  | LUCKY-NEG *L  
  v3 F->N first->opera L10         | 1.00  | 0.99  | 0.764   | 0.884   | +0.120 | 13.2% | 56.4% | 0.77  | 0.84  | M2A-ONLY      
  v3 F->N first->sente L10         | 1.00  | 1.00  | 0.368   | 0.744   | +0.376 | 12.8% | 56.8% | 0.78  | 0.82  | M2A-ONLY      
  v3 F->N close->opera L10         | 1.00  | 0.99  | 0.420   | 0.796   | +0.376 |  0.0% | 60.0% | 1.00  | 1.00  | LUCKY-NEG *L  
  v3 F->N close->sente L10         | 1.00  | 1.00  | 0.204   | 0.604   | +0.400 |  0.0% | 60.0% | 1.00  | 1.00  | LUCKY-NEG *L  
  v3 F->N sente->opera L10         | 1.00  | 0.99  | 0.516   | 0.648   | +0.132 | 65.2% | 44.4% | 0.40  | 0.42  | FAIL          
  v3 F->N sente->sente L10         | 1.00  | 1.00  | 0.628   | 0.704   | +0.076 | 71.2% | 46.4% | 0.35  | 0.48  | M2A-ONLY      
  v3 N->F opera->opera L16         | 0.98  | 1.00  | 1.000   | 1.000   | +0.000 | 20.0% | 80.0% | 0.68  | 1.00  | LUCKY-NEG *L  
  v3 N->F opera->first L16         | 0.98  | 1.00  | 0.840   | 0.876   | +0.036 | 17.2% | 48.4% | 0.42  | 0.38  | M2A-ONLY      
  v3 N->F opera->close L16         | 0.98  | 1.00  | 1.000   | 1.000   | +0.000 | 21.2% | 75.6% | 0.64  | 0.92  | PASS-arity    
  v3 N->F opera->sente L16         | 0.98  | 1.00  | 0.532   | 0.816   | +0.284 | 30.8% | 55.6% | 0.34  | 0.36  | M2A-ONLY      
  v3 N->F sente->opera L16         | 0.98  | 1.00  | 1.000   | 1.000   | +0.000 | 100.0% | 40.0% | 1.00  | 1.00  | LUCKY-NEG *L  
  v3 N->F sente->first L16         | 0.98  | 1.00  | 0.480   | 0.656   | +0.176 | 100.0% | 40.0% | 1.00  | 1.00  | LUCKY-NEG *L  
  v3 N->F sente->close L16         | 0.98  | 1.00  | 0.968   | 0.980   | +0.012 | 98.4% | 38.4% | 0.93  | 0.90  | M2A-ONLY      
  v3 N->F sente->sente L16         | 0.98  | 1.00  | 0.704   | 0.956   | +0.252 | 57.2% | 45.2% | 0.33  | 0.30  | M2A-ONLY      
  v3 F->N opera->opera L16         | 1.00  | 0.98  | 0.764   | 0.868   | +0.104 | 25.2% | 53.2% | 0.62  | 0.70  | M2A-ONLY      
  v3 F->N opera->sente L16         | 1.00  | 0.98  | 0.328   | 0.652   | +0.324 | 10.8% | 56.4% | 0.61  | 0.72  | M2A-ONLY      
  v3 F->N first->opera L16         | 1.00  | 0.98  | 0.692   | 0.876   | +0.184 | 60.8% | 53.6% | 0.48  | 0.46  | M2A-ONLY      
  v3 F->N first->sente L16         | 1.00  | 0.98  | 0.400   | 0.660   | +0.260 | 46.4% | 51.2% | 0.38  | 0.42  | M2A-ONLY      
  v3 F->N close->opera L16         | 1.00  | 0.98  | 0.308   | 0.404   | +0.096 | 100.0% | 40.0% | 0.76  | 0.68  | FAIL          
  v3 F->N close->sente L16         | 1.00  | 0.98  | 0.216   | 0.400   | +0.184 | 99.6% | 39.6% | 0.99  | 0.98  | LUCKY-NEG *L  
  v3 F->N sente->opera L16         | 1.00  | 0.98  | 0.360   | 0.772   | +0.412 | 53.2% | 42.8% | 0.48  | 0.52  | M2A-ONLY      
  v3 F->N sente->sente L16         | 1.00  | 0.98  | 0.488   | 0.788   | +0.300 | 26.8% | 49.2% | 0.54  | 0.60  | M2A-ONLY      
  v3 N->F opera->opera L24         | 0.96  | 1.00  | 1.000   | 1.000   | +0.000 |  0.0% | 60.0% | 0.52  | 1.00  | LUCKY-NEG *L  
  v3 N->F opera->first L24         | 0.96  | 1.00  | 0.836   | 0.872   | +0.036 |  0.0% | 60.0% | 0.56  | 0.58  | M2A-ONLY      
  v3 N->F opera->close L24         | 0.96  | 1.00  | 0.936   | 1.000   | +0.064 |  1.6% | 61.6% | 0.97  | 0.92  | M2A-ONLY      
  v3 N->F opera->sente L24         | 0.96  | 1.00  | 0.628   | 0.888   | +0.260 |  0.0% | 60.0% | 0.71  | 0.76  | M2A-ONLY      
  v3 N->F sente->opera L24         | 0.96  | 1.00  | 0.800   | 0.800   | +0.000 |  0.0% | 60.0% | 0.68  | 1.00  | LUCKY-NEG *L  
  v3 N->F sente->first L24         | 0.96  | 1.00  | 0.792   | 0.976   | +0.184 | 40.8% | 56.8% | 0.36  | 0.50  | M2A-ONLY      
  v3 N->F sente->close L24         | 0.96  | 1.00  | 0.740   | 0.908   | +0.168 | 30.8% | 29.2% | 0.52  | 0.70  | M2A-ONLY      
  v3 N->F sente->sente L24         | 0.96  | 1.00  | 0.800   | 0.964   | +0.164 | 70.8% | 38.0% | 0.57  | 0.52  | M2A-ONLY      
  v3 F->N opera->opera L24         | 1.00  | 0.96  | 0.288   | 0.648   | +0.360 |  0.0% | 60.0% | 0.92  | 0.94  | FAIL          
  v3 F->N opera->sente L24         | 1.00  | 0.96  | 0.200   | 0.600   | +0.400 |  0.0% | 60.0% | 1.00  | 1.00  | LUCKY-NEG *L  
  v3 F->N first->opera L24         | 1.00  | 0.96  | 0.300   | 0.684   | +0.384 |  0.0% | 60.0% | 0.98  | 0.98  | LUCKY-NEG *L  
  v3 F->N first->sente L24         | 1.00  | 0.96  | 0.204   | 0.600   | +0.396 |  0.0% | 60.0% | 1.00  | 1.00  | LUCKY-NEG *L  
  v3 F->N close->opera L24         | 1.00  | 0.96  | 0.260   | 0.400   | +0.140 | 99.2% | 40.0% | 0.56  | 0.66  | FAIL          
  v3 F->N close->sente L24         | 1.00  | 0.96  | 0.216   | 0.412   | +0.196 | 100.0% | 40.0% | 1.00  | 1.00  | LUCKY-NEG *L  
  v3 F->N sente->opera L24         | 1.00  | 0.96  | 0.420   | 0.796   | +0.376 |  4.8% | 59.2% | 0.67  | 0.74  | M2A-ONLY      
  v3 F->N sente->sente L24         | 1.00  | 0.96  | 0.544   | 0.800   | +0.256 | 20.8% | 53.6% | 0.53  | 0.58  | M2A-ONLY      

  TOP-8 cells under v3 (sort: M2-arity desc, M4b desc, M4c asc):
     1. v3 N->F opera->close L 7         | M2c=1.000 | M2a=1.000 | M4b= 79.6% | M4c=0.55 | M4a= 31.6% | verdict=PASS-arity
     2. v3 N->F opera->close L16         | M2c=1.000 | M2a=1.000 | M4b= 75.6% | M4c=0.64 | M4a= 21.2% | verdict=PASS-arity
     3. v3 N->F sente->close L10         | M2c=0.800 | M2a=1.000 | M4b= 64.8% | M4c=0.39 | M4a= 72.0% | verdict=M2A-ONLY
     4. v3 N->F opera->close L24         | M2c=0.936 | M2a=1.000 | M4b= 61.6% | M4c=0.97 | M4a=  1.6% | verdict=M2A-ONLY
     5. v3 N->F opera->first L 7         | M2c=1.000 | M2a=1.000 | M4b= 60.0% | M4c=0.69 | M4a=  0.0% | verdict=M2A-ONLY
     6. v3 N->F opera->first L 4         | M2c=1.000 | M2a=1.000 | M4b= 60.0% | M4c=0.80 | M4a=  0.0% | verdict=M2A-ONLY
     7. v3 F->N first->opera L 4         | M2c=1.000 | M2a=1.000 | M4b= 54.0% | M4c=0.61 | M4a= 26.0% | verdict=M2A-ONLY
     8. v3 N->F sente->close L 7         | M2c=1.000 | M2a=1.000 | M4b= 42.8% | M4c=0.95 | M4a= 97.2% | verdict=M2A-ONLY

  Canonical-readout breakdown of invented mass at the top-3 M2-canonical cells under v3:
  (Strict-arity prediction: invented binary words spread across binary canonicals; invented unary words spread across unary canonicals.)
  (Default-to-rarest-canonical prediction: mass concentrates on one or two low-frequency canonicals regardless of intended arity.)

    >> v3 N->F opera->opera L 4 (M2c=1.000, M4b=0.600, M4c=0.68)
       bliq       (int.B: and        ) -> implies       100.0%   arity-match
       dren       (int.B: or         ) -> and           100.0%   arity-match
       vusp       (int.U: not        ) -> implies       100.0%   arity-MISMATCH
       molex      (int.B: implies    ) -> implies       100.0%   arity-match
       perph      (int.U: necessarily) -> implies       100.0%   arity-MISMATCH

    >> v3 N->F opera->first L 4 (M2c=1.000, M4b=0.600, M4c=0.80)
       bliq       (int.B: and        ) -> implies       100.0%   arity-match
       dren       (int.B: or         ) -> implies        80.0%   arity-match
       vusp       (int.U: not        ) -> implies       100.0%   arity-MISMATCH
       molex      (int.B: implies    ) -> implies       100.0%   arity-match
       perph      (int.U: necessarily) -> implies        64.0%   arity-MISMATCH

    >> v3 N->F sente->opera L 4 (M2c=1.000, M4b=0.800, M4c=0.52)
       bliq       (int.B: and        ) -> not           100.0%   arity-MISMATCH
       dren       (int.B: or         ) -> and           100.0%   arity-match
       vusp       (int.U: not        ) -> not           100.0%   arity-match
       molex      (int.B: implies    ) -> and           100.0%   arity-match
       perph      (int.U: necessarily) -> not           100.0%   arity-match

========================================================================================================================================================================================================
  Pythia 6.9B-deduped - v4 scope - full sweep (80 cells)
========================================================================================================================================================================================================
  cell                             | M1tr  | M1te  | M2cano  | M2arty  | gap    | M4a    | M4b    | M4c   | pwmin | verdict       
  --------------------------------------------------------------------------------------------------------------------------------
  v4 N->F opera->opera L 4         | 1.00  | 1.00  | 1.000   | 1.000   | +0.000 | 18.8% | 68.8% | 0.52  | 1.00  | LUCKY-NEG *L  
  v4 N->F opera->first L 4         | 1.00  | 1.00  | 1.000   | 1.000   | +0.000 |  0.0% | 50.0% | 0.64  | 0.52  | M2A-ONLY      
  v4 N->F opera->close L 4         | 1.00  | 1.00  | 0.820   | 0.920   | +0.100 | 54.4% | 69.9% | 0.43  | 0.44  | PASS-arity    
  v4 N->F opera->sente L 4         | 1.00  | 1.00  | 0.256   | 0.604   | +0.348 | 17.4% | 50.9% | 0.71  | 0.76  | FAIL          
  v4 N->F sente->opera L 4         | 1.00  | 1.00  | 1.000   | 1.000   | +0.000 | 75.0% | 62.5% | 0.62  | 1.00  | LUCKY-NEG *L  
  v4 N->F sente->first L 4         | 1.00  | 1.00  | 0.752   | 0.920   | +0.168 | 86.8% | 48.2% | 0.77  | 0.64  | M2A-ONLY      
  v4 N->F sente->close L 4         | 1.00  | 1.00  | 1.000   | 1.000   | +0.000 | 98.9% | 51.1% | 0.98  | 0.84  | M2A-ONLY      
  v4 N->F sente->sente L 4         | 1.00  | 1.00  | 0.616   | 0.828   | +0.212 |  0.0% | 50.0% | 0.82  | 0.82  | M2A-ONLY      
  v4 F->N opera->opera L 4         | 1.00  | 1.00  | 0.784   | 0.968   | +0.184 |  0.0% | 50.0% | 1.00  | 1.00  | LUCKY-NEG *L  
  v4 F->N opera->sente L 4         | 1.00  | 1.00  | 0.212   | 0.608   | +0.396 |  0.0% | 50.0% | 1.00  | 1.00  | LUCKY-NEG *L  
  v4 F->N first->opera L 4         | 1.00  | 1.00  | 1.000   | 1.000   | +0.000 | 24.9% | 51.9% | 0.61  | 0.54  | M2A-ONLY      
  v4 F->N first->sente L 4         | 1.00  | 1.00  | 0.528   | 0.764   | +0.236 | 43.1% | 49.6% | 0.46  | 0.48  | M2A-ONLY      
  v4 F->N close->opera L 4         | 1.00  | 1.00  | 0.540   | 0.716   | +0.176 |  0.0% | 50.0% | 1.00  | 1.00  | LUCKY-NEG *L  
  v4 F->N close->sente L 4         | 1.00  | 1.00  | 0.208   | 0.600   | +0.392 |  0.0% | 50.0% | 1.00  | 1.00  | LUCKY-NEG *L  
  v4 F->N sente->opera L 4         | 1.00  | 1.00  | 0.744   | 0.848   | +0.104 | 92.5% | 48.5% | 0.86  | 0.80  | M2A-ONLY      
  v4 F->N sente->sente L 4         | 1.00  | 1.00  | 0.688   | 0.764   | +0.076 | 85.6% | 50.6% | 0.55  | 0.56  | M2A-ONLY      
  v4 N->F opera->opera L 7         | 1.00  | 1.00  | 1.000   | 1.000   | +0.000 | 25.0% | 62.5% | 0.62  | 1.00  | LUCKY-NEG *L  
  v4 N->F opera->first L 7         | 1.00  | 1.00  | 1.000   | 1.000   | +0.000 |  0.0% | 50.0% | 0.54  | 0.54  | M2A-ONLY      
  v4 N->F opera->close L 7         | 1.00  | 1.00  | 1.000   | 1.000   | +0.000 | 31.1% | 73.6% | 0.56  | 0.56  | PASS-arity    
  v4 N->F opera->sente L 7         | 1.00  | 1.00  | 0.412   | 0.756   | +0.344 |  0.5% | 49.8% | 0.88  | 0.76  | M2A-ONLY      
  v4 N->F sente->opera L 7         | 1.00  | 1.00  | 0.800   | 1.000   | +0.200 | 100.0% | 50.0% | 0.88  | 1.00  | LUCKY-NEG *L  
  v4 N->F sente->first L 7         | 1.00  | 1.00  | 0.724   | 0.956   | +0.232 | 89.4% | 51.1% | 0.45  | 0.46  | M2A-ONLY      
  v4 N->F sente->close L 7         | 1.00  | 1.00  | 1.000   | 1.000   | +0.000 | 99.1% | 50.9% | 0.98  | 0.86  | M2A-ONLY      
  v4 N->F sente->sente L 7         | 1.00  | 1.00  | 0.652   | 0.944   | +0.292 |  0.0% | 50.0% | 0.95  | 0.82  | M2A-ONLY      
  v4 F->N opera->opera L 7         | 1.00  | 1.00  | 0.768   | 0.960   | +0.192 |  0.0% | 50.0% | 1.00  | 1.00  | LUCKY-NEG *L  
  v4 F->N opera->sente L 7         | 1.00  | 1.00  | 0.240   | 0.624   | +0.384 |  2.1% | 50.4% | 0.96  | 0.96  | LUCKY-NEG *L  
  v4 F->N first->opera L 7         | 1.00  | 1.00  | 0.940   | 0.984   | +0.044 | 89.6% | 44.4% | 0.81  | 0.66  | M2A-ONLY      
  v4 F->N first->sente L 7         | 1.00  | 1.00  | 0.328   | 0.704   | +0.376 | 17.1% | 46.9% | 0.72  | 0.68  | M2A-ONLY      
  v4 F->N close->opera L 7         | 1.00  | 1.00  | 0.264   | 0.652   | +0.388 |  0.0% | 50.0% | 1.00  | 1.00  | LUCKY-NEG *L  
  v4 F->N close->sente L 7         | 1.00  | 1.00  | 0.200   | 0.600   | +0.400 |  0.0% | 50.0% | 1.00  | 1.00  | LUCKY-NEG *L  
  v4 F->N sente->opera L 7         | 1.00  | 1.00  | 0.532   | 0.732   | +0.200 | 95.2% | 47.8% | 0.88  | 0.72  | M2A-ONLY      
  v4 F->N sente->sente L 7         | 1.00  | 1.00  | 0.588   | 0.716   | +0.128 | 77.9% | 50.4% | 0.36  | 0.38  | M2A-ONLY      
  v4 N->F opera->opera L10         | 0.99  | 1.00  | 1.000   | 1.000   | +0.000 |  0.0% | 50.0% | 1.00  | 1.00  | LUCKY-NEG *L  
  v4 N->F opera->first L10         | 0.99  | 1.00  | 0.768   | 0.768   | +0.000 |  2.8% | 50.7% | 0.93  | 0.56  | M2A-ONLY      
  v4 N->F opera->close L10         | 0.99  | 1.00  | 0.848   | 0.884   | +0.036 |  1.1% | 51.1% | 0.54  | 0.48  | M2A-ONLY      
  v4 N->F opera->sente L10         | 0.99  | 1.00  | 0.496   | 0.796   | +0.300 | 38.2% | 47.2% | 0.49  | 0.50  | M2A-ONLY      
  v4 N->F sente->opera L10         | 1.00  | 1.00  | 0.800   | 1.000   | +0.200 | 68.8% | 56.2% | 0.38  | 1.00  | LUCKY-NEG *L  
  v4 N->F sente->first L10         | 1.00  | 1.00  | 0.776   | 0.840   | +0.064 | 65.9% | 50.6% | 0.52  | 0.52  | M2A-ONLY      
  v4 N->F sente->close L10         | 1.00  | 1.00  | 0.800   | 1.000   | +0.200 | 72.4% | 69.9% | 0.39  | 0.44  | PASS-arity    
  v4 N->F sente->sente L10         | 1.00  | 1.00  | 0.740   | 0.988   | +0.248 | 26.4% | 51.6% | 0.51  | 0.46  | M2A-ONLY      
  v4 F->N opera->opera L10         | 1.00  | 0.99  | 0.636   | 0.812   | +0.176 |  0.0% | 50.0% | 1.00  | 1.00  | LUCKY-NEG *L  
  v4 F->N opera->sente L10         | 1.00  | 1.00  | 0.204   | 0.600   | +0.396 |  0.0% | 50.0% | 1.00  | 1.00  | LUCKY-NEG *L  
  v4 F->N first->opera L10         | 1.00  | 0.99  | 0.764   | 0.884   | +0.120 | 11.9% | 48.1% | 0.79  | 0.80  | M2A-ONLY      
  v4 F->N first->sente L10         | 1.00  | 1.00  | 0.368   | 0.744   | +0.376 | 12.0% | 48.5% | 0.79  | 0.82  | M2A-ONLY      
  v4 F->N close->opera L10         | 1.00  | 0.99  | 0.420   | 0.796   | +0.376 |  0.0% | 50.0% | 1.00  | 1.00  | LUCKY-NEG *L  
  v4 F->N close->sente L10         | 1.00  | 1.00  | 0.204   | 0.604   | +0.400 |  0.0% | 50.0% | 1.00  | 1.00  | LUCKY-NEG *L  
  v4 F->N sente->opera L10         | 1.00  | 0.99  | 0.516   | 0.648   | +0.132 | 67.8% | 50.5% | 0.42  | 0.42  | FAIL          
  v4 F->N sente->sente L10         | 1.00  | 1.00  | 0.628   | 0.704   | +0.076 | 70.6% | 51.4% | 0.34  | 0.42  | M2A-ONLY      
  v4 N->F opera->opera L16         | 0.98  | 1.00  | 1.000   | 1.000   | +0.000 | 12.5% | 62.5% | 0.47  | 1.00  | LUCKY-NEG *L  
  v4 N->F opera->first L16         | 0.98  | 1.00  | 0.840   | 0.876   | +0.036 |  9.4% | 44.4% | 0.60  | 0.38  | M2A-ONLY      
  v4 N->F opera->close L16         | 0.98  | 1.00  | 1.000   | 1.000   | +0.000 | 10.0% | 58.2% | 0.81  | 0.80  | M2A-ONLY      
  v4 N->F opera->sente L16         | 0.98  | 1.00  | 0.532   | 0.816   | +0.284 | 38.6% | 58.4% | 0.35  | 0.36  | M2A-ONLY      
  v4 N->F sente->opera L16         | 0.98  | 1.00  | 1.000   | 1.000   | +0.000 | 100.0% | 50.0% | 1.00  | 1.00  | LUCKY-NEG *L  
  v4 N->F sente->first L16         | 0.98  | 1.00  | 0.480   | 0.656   | +0.176 | 100.0% | 50.0% | 1.00  | 1.00  | LUCKY-NEG *L  
  v4 N->F sente->close L16         | 0.98  | 1.00  | 0.968   | 0.980   | +0.012 | 99.5% | 49.5% | 0.89  | 0.68  | M2A-ONLY      
  v4 N->F sente->sente L16         | 0.98  | 1.00  | 0.704   | 0.956   | +0.252 | 62.5% | 50.7% | 0.31  | 0.30  | M2A-ONLY      
  v4 F->N opera->opera L16         | 1.00  | 0.98  | 0.764   | 0.868   | +0.104 | 24.2% | 45.5% | 0.63  | 0.56  | M2A-ONLY      
  v4 F->N opera->sente L16         | 1.00  | 0.98  | 0.328   | 0.652   | +0.324 |  9.5% | 49.2% | 0.64  | 0.72  | M2A-ONLY      
  v4 F->N first->opera L16         | 1.00  | 0.98  | 0.692   | 0.876   | +0.184 | 60.6% | 45.9% | 0.48  | 0.46  | M2A-ONLY      
  v4 F->N first->sente L16         | 1.00  | 0.98  | 0.400   | 0.660   | +0.260 | 46.2% | 48.2% | 0.38  | 0.40  | M2A-ONLY      
  v4 F->N close->opera L16         | 1.00  | 0.98  | 0.308   | 0.404   | +0.096 | 100.0% | 50.0% | 0.78  | 0.68  | FAIL          
  v4 F->N close->sente L16         | 1.00  | 0.98  | 0.216   | 0.400   | +0.184 | 99.2% | 49.8% | 0.99  | 0.96  | LUCKY-NEG *L  
  v4 F->N sente->opera L16         | 1.00  | 0.98  | 0.360   | 0.772   | +0.412 | 53.6% | 46.9% | 0.49  | 0.52  | M2A-ONLY      
  v4 F->N sente->sente L16         | 1.00  | 0.98  | 0.488   | 0.788   | +0.300 | 26.9% | 48.9% | 0.54  | 0.58  | M2A-ONLY      
  v4 N->F opera->opera L24         | 0.96  | 1.00  | 1.000   | 1.000   | +0.000 | 12.5% | 50.0% | 0.39  | 1.00  | LUCKY-NEG *L  
  v4 N->F opera->first L24         | 0.96  | 1.00  | 0.836   | 0.872   | +0.036 |  0.9% | 50.9% | 0.63  | 0.50  | M2A-ONLY      
  v4 N->F opera->close L24         | 0.96  | 1.00  | 0.936   | 1.000   | +0.064 |  1.1% | 49.9% | 0.98  | 0.90  | M2A-ONLY      
  v4 N->F opera->sente L24         | 0.96  | 1.00  | 0.628   | 0.888   | +0.260 |  1.6% | 50.4% | 0.69  | 0.68  | M2A-ONLY      
  v4 N->F sente->opera L24         | 0.96  | 1.00  | 0.800   | 0.800   | +0.000 |  6.2% | 56.2% | 0.49  | 1.00  | LUCKY-NEG *L  
  v4 N->F sente->first L24         | 0.96  | 1.00  | 0.792   | 0.976   | +0.184 | 50.5% | 58.0% | 0.39  | 0.44  | M2A-ONLY      
  v4 N->F sente->close L24         | 0.96  | 1.00  | 0.740   | 0.908   | +0.168 | 32.6% | 41.1% | 0.51  | 0.60  | M2A-ONLY      
  v4 N->F sente->sente L24         | 0.96  | 1.00  | 0.800   | 0.964   | +0.164 | 73.8% | 48.2% | 0.54  | 0.40  | M2A-ONLY      
  v4 F->N opera->opera L24         | 1.00  | 0.96  | 0.288   | 0.648   | +0.360 |  0.0% | 50.0% | 0.91  | 0.92  | FAIL          
  v4 F->N opera->sente L24         | 1.00  | 0.96  | 0.200   | 0.600   | +0.400 |  0.0% | 50.0% | 1.00  | 1.00  | LUCKY-NEG *L  
  v4 F->N first->opera L24         | 1.00  | 0.96  | 0.300   | 0.684   | +0.384 |  0.0% | 50.0% | 0.98  | 0.98  | LUCKY-NEG *L  
  v4 F->N first->sente L24         | 1.00  | 0.96  | 0.204   | 0.600   | +0.396 |  0.0% | 50.0% | 1.00  | 1.00  | LUCKY-NEG *L  
  v4 F->N close->opera L24         | 1.00  | 0.96  | 0.260   | 0.400   | +0.140 | 99.5% | 50.0% | 0.56  | 0.66  | FAIL          
  v4 F->N close->sente L24         | 1.00  | 0.96  | 0.216   | 0.412   | +0.196 | 99.9% | 49.9% | 1.00  | 0.98  | LUCKY-NEG *L  
  v4 F->N sente->opera L24         | 1.00  | 0.96  | 0.420   | 0.796   | +0.376 |  6.0% | 50.7% | 0.71  | 0.74  | M2A-ONLY      
  v4 F->N sente->sente L24         | 1.00  | 0.96  | 0.544   | 0.800   | +0.256 | 18.9% | 48.1% | 0.57  | 0.58  | M2A-ONLY      

  TOP-8 cells under v4 (sort: M2-arity desc, M4b desc, M4c asc):
     1. v4 N->F opera->close L 7         | M2c=1.000 | M2a=1.000 | M4b= 73.6% | M4c=0.56 | M4a= 31.1% | verdict=PASS-arity
     2. v4 N->F sente->close L10         | M2c=0.800 | M2a=1.000 | M4b= 69.9% | M4c=0.39 | M4a= 72.4% | verdict=PASS-arity
     3. v4 N->F opera->close L16         | M2c=1.000 | M2a=1.000 | M4b= 58.2% | M4c=0.81 | M4a= 10.0% | verdict=M2A-ONLY
     4. v4 F->N first->opera L 4         | M2c=1.000 | M2a=1.000 | M4b= 51.9% | M4c=0.61 | M4a= 24.9% | verdict=M2A-ONLY
     5. v4 N->F sente->close L 4         | M2c=1.000 | M2a=1.000 | M4b= 51.1% | M4c=0.98 | M4a= 98.9% | verdict=M2A-ONLY
     6. v4 N->F sente->close L 7         | M2c=1.000 | M2a=1.000 | M4b= 50.9% | M4c=0.98 | M4a= 99.1% | verdict=M2A-ONLY
     7. v4 N->F opera->first L 7         | M2c=1.000 | M2a=1.000 | M4b= 50.0% | M4c=0.54 | M4a=  0.0% | verdict=M2A-ONLY
     8. v4 N->F opera->first L 4         | M2c=1.000 | M2a=1.000 | M4b= 50.0% | M4c=0.64 | M4a=  0.0% | verdict=M2A-ONLY

  Canonical-readout breakdown of invented mass at the top-3 M2-canonical cells under v4:
  (Strict-arity prediction: invented binary words spread across binary canonicals; invented unary words spread across unary canonicals.)
  (Default-to-rarest-canonical prediction: mass concentrates on one or two low-frequency canonicals regardless of intended arity.)

    >> v4 N->F opera->opera L 4 (M2c=1.000, M4b=0.688, M4c=0.52)
       bliq       (int.B: and        ) -> implies       100.0%   arity-match
       dren       (int.B: or         ) -> and           100.0%   arity-match
       molex      (int.B: implies    ) -> implies       100.0%   arity-match
       krev       (int.B: and        ) -> implies       100.0%   arity-match
       sond       (int.B: or         ) -> implies       100.0%   arity-match
       glin       (int.B: implies    ) -> implies       100.0%   arity-match
       twiv       (int.B: and        ) -> implies       100.0%   arity-match
       fump       (int.B: or         ) -> implies       100.0%   arity-match
       vusp       (int.U: not        ) -> implies       100.0%   arity-MISMATCH
       perph      (int.U: necessarily) -> implies       100.0%   arity-MISMATCH
       kelm       (int.U: not        ) -> and           100.0%   arity-MISMATCH
       zorf       (int.U: not        ) -> not           100.0%   arity-match
       gleph      (int.U: necessarily) -> implies       100.0%   arity-MISMATCH
       drelth     (int.U: necessarily) -> implies       100.0%   arity-MISMATCH
       vrith      (int.U: not        ) -> not           100.0%   arity-match
       nilph      (int.U: necessarily) -> not           100.0%   arity-match

    >> v4 N->F opera->first L 4 (M2c=1.000, M4b=0.500, M4c=0.64)
       bliq       (int.B: and        ) -> implies       100.0%   arity-match
       dren       (int.B: or         ) -> implies        80.0%   arity-match
       molex      (int.B: implies    ) -> implies       100.0%   arity-match
       krev       (int.B: and        ) -> implies        84.0%   arity-match
       sond       (int.B: or         ) -> implies        66.0%   arity-match
       glin       (int.B: implies    ) -> implies        88.0%   arity-match
       twiv       (int.B: and        ) -> implies        80.0%   arity-match
       fump       (int.B: or         ) -> and            62.0%   arity-match
       vusp       (int.U: not        ) -> implies       100.0%   arity-MISMATCH
       perph      (int.U: necessarily) -> implies        64.0%   arity-MISMATCH
       kelm       (int.U: not        ) -> and            52.0%   arity-MISMATCH
       zorf       (int.U: not        ) -> implies        72.0%   arity-MISMATCH
       gleph      (int.U: necessarily) -> implies        84.0%   arity-MISMATCH
       drelth     (int.U: necessarily) -> implies        78.0%   arity-MISMATCH
       vrith      (int.U: not        ) -> implies        68.0%   arity-MISMATCH
       nilph      (int.U: necessarily) -> implies        74.0%   arity-MISMATCH

    >> v4 N->F sente->opera L 4 (M2c=1.000, M4b=0.625, M4c=0.62)
       bliq       (int.B: and        ) -> not           100.0%   arity-MISMATCH
       dren       (int.B: or         ) -> and           100.0%   arity-match
       molex      (int.B: implies    ) -> and           100.0%   arity-match
       krev       (int.B: and        ) -> not           100.0%   arity-MISMATCH
       sond       (int.B: or         ) -> not           100.0%   arity-MISMATCH
       glin       (int.B: implies    ) -> and           100.0%   arity-match
       twiv       (int.B: and        ) -> not           100.0%   arity-MISMATCH
       fump       (int.B: or         ) -> not           100.0%   arity-MISMATCH
       vusp       (int.U: not        ) -> not           100.0%   arity-match
       perph      (int.U: necessarily) -> not           100.0%   arity-match
       kelm       (int.U: not        ) -> not           100.0%   arity-match
       zorf       (int.U: not        ) -> not           100.0%   arity-match
       gleph      (int.U: necessarily) -> and           100.0%   arity-MISMATCH
       drelth     (int.U: necessarily) -> not           100.0%   arity-match
       vrith      (int.U: not        ) -> not           100.0%   arity-match
       nilph      (int.U: necessarily) -> not           100.0%   arity-match

========================================================================================================================================================================================================
  Pythia 6.9B-deduped - v5 scope - full sweep (80 cells)
========================================================================================================================================================================================================
  cell                             | M1tr  | M1te  | M2cano  | M2arty  | gap    | M4a    | M4b    | M4c   | pwmin | verdict       
  --------------------------------------------------------------------------------------------------------------------------------
  v5 N->F opera->opera L 4         | 1.00  | 1.00  | 1.000   | 1.000   | +0.000 | 43.8% | 56.2% | 0.32  | 1.00  | LUCKY-NEG *L  
  v5 N->F opera->first L 4         | 1.00  | 1.00  | 0.828   | 0.982   | +0.154 | 100.0% | 50.0% | 1.00  | 1.00  | LUCKY-NEG *L  
  v5 N->F opera->close L 4         | 1.00  | 1.00  | 0.464   | 0.794   | +0.330 |  6.6% | 46.6% | 0.50  | 0.52  | M2A-ONLY      
  v5 N->F opera->sente L 4         | 1.00  | 1.00  | 0.150   | 0.530   | +0.380 | 68.6% | 48.9% | 0.57  | 0.58  | FAIL          
  v5 N->F sente->opera L 4         | 1.00  | 1.00  | 1.000   | 1.000   | +0.000 |  0.0% | 50.0% | 0.70  | 1.00  | LUCKY-NEG *L  
  v5 N->F sente->first L 4         | 1.00  | 1.00  | 0.780   | 0.900   | +0.120 |  0.0% | 50.0% | 0.60  | 0.52  | M2A-ONLY      
  v5 N->F sente->close L 4         | 1.00  | 1.00  | 0.658   | 0.982   | +0.324 |  0.0% | 50.0% | 0.81  | 0.66  | M2A-ONLY      
  v5 N->F sente->sente L 4         | 1.00  | 1.00  | 0.390   | 0.676   | +0.286 |  0.0% | 50.0% | 0.85  | 0.74  | M2A-ONLY      
  v5 F->N opera->opera L 4         | 1.00  | 1.00  | 0.760   | 0.958   | +0.198 | 98.4% | 51.1% | 0.97  | 0.82  | M2A-ONLY      
  v5 F->N opera->sente L 4         | 1.00  | 1.00  | 0.112   | 0.510   | +0.398 | 100.0% | 50.0% | 1.00  | 1.00  | LUCKY-NEG *L  
  v5 F->N first->opera L 4         | 1.00  | 1.00  | 1.000   | 1.000   | +0.000 | 21.5% | 53.0% | 0.53  | 0.44  | M2A-ONLY      
  v5 F->N first->sente L 4         | 1.00  | 1.00  | 0.608   | 0.802   | +0.194 | 54.4% | 48.4% | 0.32  | 0.38  | M2A-ONLY      
  v5 F->N close->opera L 4         | 1.00  | 1.00  | 0.428   | 0.722   | +0.294 |  0.0% | 50.0% | 1.00  | 1.00  | LUCKY-NEG *L  
  v5 F->N close->sente L 4         | 1.00  | 1.00  | 0.106   | 0.502   | +0.396 |  0.0% | 50.0% | 1.00  | 1.00  | LUCKY-NEG *L  
  v5 F->N sente->opera L 4         | 1.00  | 1.00  | 0.724   | 0.840   | +0.116 | 78.1% | 44.1% | 0.57  | 0.48  | M2A-ONLY      
  v5 F->N sente->sente L 4         | 1.00  | 1.00  | 0.636   | 0.778   | +0.142 | 90.0% | 47.5% | 0.42  | 0.42  | M2A-ONLY      
  v5 N->F opera->opera L 7         | 1.00  | 1.00  | 1.000   | 1.000   | +0.000 |  6.2% | 43.8% | 0.77  | 1.00  | LUCKY-NEG *L  
  v5 N->F opera->first L 7         | 1.00  | 1.00  | 0.892   | 0.956   | +0.064 | 96.8% | 46.8% | 0.94  | 0.62  | M2A-ONLY      
  v5 N->F opera->close L 7         | 1.00  | 1.00  | 0.868   | 0.886   | +0.018 | 21.4% | 28.6% | 0.36  | 0.44  | M2A-ONLY      
  v5 N->F opera->sente L 7         | 1.00  | 1.00  | 0.296   | 0.648   | +0.352 | 81.8% | 51.2% | 0.70  | 0.60  | FAIL          
  v5 N->F sente->opera L 7         | 1.00  | 1.00  | 0.900   | 1.000   | +0.100 | 12.5% | 50.0% | 0.47  | 1.00  | LUCKY-NEG *L  
  v5 N->F sente->first L 7         | 1.00  | 1.00  | 0.848   | 0.978   | +0.130 |  3.1% | 48.6% | 0.52  | 0.52  | M2A-ONLY      
  v5 N->F sente->close L 7         | 1.00  | 1.00  | 0.902   | 1.000   | +0.098 |  0.0% | 50.0% | 0.99  | 0.92  | M2A-ONLY      
  v5 N->F sente->sente L 7         | 1.00  | 1.00  | 0.280   | 0.676   | +0.396 |  0.0% | 50.0% | 1.00  | 1.00  | LUCKY-NEG *L  
  v5 F->N opera->opera L 7         | 1.00  | 1.00  | 0.388   | 0.690   | +0.302 |  0.0% | 50.0% | 1.00  | 1.00  | LUCKY-NEG *L  
  v5 F->N opera->sente L 7         | 1.00  | 1.00  | 0.128   | 0.526   | +0.398 |  0.0% | 50.0% | 1.00  | 1.00  | LUCKY-NEG *L  
  v5 F->N first->opera L 7         | 1.00  | 1.00  | 0.898   | 0.938   | +0.040 | 75.1% | 49.9% | 0.55  | 0.36  | M2A-ONLY      
  v5 F->N first->sente L 7         | 1.00  | 1.00  | 0.262   | 0.658   | +0.396 | 69.2% | 50.5% | 0.55  | 0.60  | M2A-ONLY      
  v5 F->N close->opera L 7         | 1.00  | 1.00  | 0.242   | 0.622   | +0.380 |  2.0% | 49.8% | 0.96  | 0.96  | LUCKY-NEG *L  
  v5 F->N close->sente L 7         | 1.00  | 1.00  | 0.112   | 0.508   | +0.396 |  0.2% | 50.2% | 1.00  | 0.98  | LUCKY-NEG *L  
  v5 F->N sente->opera L 7         | 1.00  | 1.00  | 0.572   | 0.798   | +0.226 | 75.6% | 47.1% | 0.61  | 0.52  | M2A-ONLY      
  v5 F->N sente->sente L 7         | 1.00  | 1.00  | 0.564   | 0.798   | +0.234 | 57.1% | 50.6% | 0.25  | 0.32  | M2A-ONLY      
  v5 N->F opera->opera L10         | 1.00  | 1.00  | 1.000   | 1.000   | +0.000 |  0.0% | 50.0% | 0.88  | 1.00  | LUCKY-NEG *L  
  v5 N->F opera->first L10         | 1.00  | 1.00  | 0.618   | 0.706   | +0.088 |  0.0% | 50.0% | 0.43  | 0.40  | M2A-ONLY      
  v5 N->F opera->close L10         | 1.00  | 1.00  | 0.724   | 0.778   | +0.054 |  0.0% | 50.0% | 1.00  | 1.00  | LUCKY-NEG *L  
  v5 N->F opera->sente L10         | 1.00  | 1.00  | 0.488   | 0.788   | +0.300 | 56.9% | 44.6% | 0.41  | 0.42  | M2A-ONLY      
  v5 N->F sente->opera L10         | 1.00  | 1.00  | 0.900   | 1.000   | +0.100 |  0.0% | 50.0% | 0.70  | 1.00  | LUCKY-NEG *L  
  v5 N->F sente->first L10         | 1.00  | 1.00  | 0.834   | 0.902   | +0.068 |  2.0% | 48.0% | 0.93  | 0.46  | M2A-ONLY      
  v5 N->F sente->close L10         | 1.00  | 1.00  | 0.764   | 0.914   | +0.150 |  0.0% | 50.0% | 0.98  | 0.82  | M2A-ONLY      
  v5 N->F sente->sente L10         | 1.00  | 1.00  | 0.394   | 0.738   | +0.344 |  0.0% | 50.0% | 0.79  | 0.68  | M2A-ONLY      
  v5 F->N opera->opera L10         | 1.00  | 1.00  | 0.180   | 0.530   | +0.350 |  0.0% | 50.0% | 1.00  | 1.00  | LUCKY-NEG *L  
  v5 F->N opera->sente L10         | 1.00  | 1.00  | 0.102   | 0.500   | +0.398 |  0.0% | 50.0% | 1.00  | 1.00  | LUCKY-NEG *L  
  v5 F->N first->opera L10         | 1.00  | 1.00  | 0.816   | 0.908   | +0.092 | 39.0% | 40.0% | 0.22  | 0.32  | M2A-ONLY      
  v5 F->N first->sente L10         | 1.00  | 1.00  | 0.376   | 0.680   | +0.304 | 42.5% | 46.0% | 0.44  | 0.46  | M2A-ONLY      
  v5 F->N close->opera L10         | 1.00  | 1.00  | 0.460   | 0.742   | +0.282 | 75.0% | 52.8% | 0.57  | 0.54  | M2A-ONLY      
  v5 F->N close->sente L10         | 1.00  | 1.00  | 0.276   | 0.630   | +0.354 | 66.4% | 51.9% | 0.51  | 0.50  | FAIL          
  v5 F->N sente->opera L10         | 1.00  | 1.00  | 0.644   | 0.788   | +0.144 | 25.9% | 49.6% | 0.34  | 0.42  | M2A-ONLY      
  v5 F->N sente->sente L10         | 1.00  | 1.00  | 0.612   | 0.794   | +0.182 | 48.5% | 49.8% | 0.19  | 0.24  | M2A-ONLY      
  v5 N->F opera->opera L16         | 0.99  | 1.00  | 1.000   | 1.000   | +0.000 |  0.0% | 50.0% | 0.77  | 1.00  | LUCKY-NEG *L  
  v5 N->F opera->first L16         | 0.99  | 1.00  | 0.646   | 0.730   | +0.084 |  1.2% | 48.8% | 0.83  | 0.52  | M2A-ONLY      
  v5 N->F opera->close L16         | 0.99  | 1.00  | 1.000   | 1.000   | +0.000 |  0.0% | 50.0% | 0.88  | 0.58  | M2A-ONLY      
  v5 N->F opera->sente L16         | 0.99  | 1.00  | 0.328   | 0.764   | +0.436 | 24.9% | 57.4% | 0.56  | 0.48  | M2A-ONLY      
  v5 N->F sente->opera L16         | 0.98  | 1.00  | 1.000   | 1.000   | +0.000 |  0.0% | 50.0% | 0.78  | 1.00  | LUCKY-NEG *L  
  v5 N->F sente->first L16         | 0.98  | 1.00  | 0.592   | 0.904   | +0.312 | 38.8% | 39.8% | 0.42  | 0.48  | M2A-ONLY      
  v5 N->F sente->close L16         | 0.98  | 1.00  | 0.758   | 0.896   | +0.138 |  0.0% | 50.0% | 0.74  | 0.64  | M2A-ONLY      
  v5 N->F sente->sente L16         | 0.98  | 1.00  | 0.452   | 0.732   | +0.280 |  0.1% | 50.1% | 0.63  | 0.60  | M2A-ONLY      
  v5 F->N opera->opera L16         | 1.00  | 0.99  | 0.602   | 0.754   | +0.152 |  7.2% | 49.2% | 0.81  | 0.48  | M2A-ONLY      
  v5 F->N opera->sente L16         | 1.00  | 0.98  | 0.286   | 0.594   | +0.308 | 11.6% | 49.9% | 0.39  | 0.42  | FAIL          
  v5 F->N first->opera L16         | 1.00  | 0.99  | 0.574   | 0.870   | +0.296 | 74.8% | 49.8% | 0.40  | 0.46  | M2A-ONLY      
  v5 F->N first->sente L16         | 1.00  | 0.98  | 0.272   | 0.624   | +0.352 | 30.4% | 49.1% | 0.51  | 0.50  | FAIL          
  v5 F->N close->opera L16         | 1.00  | 0.99  | 0.382   | 0.578   | +0.196 | 100.0% | 50.0% | 0.99  | 0.94  | FAIL          
  v5 F->N close->sente L16         | 1.00  | 0.98  | 0.174   | 0.512   | +0.338 | 100.0% | 50.0% | 0.96  | 0.90  | FAIL          
  v5 F->N sente->opera L16         | 1.00  | 0.99  | 0.406   | 0.824   | +0.418 | 46.0% | 57.8% | 0.31  | 0.32  | M2A-ONLY      
  v5 F->N sente->sente L16         | 1.00  | 0.98  | 0.486   | 0.778   | +0.292 | 38.5% | 52.5% | 0.25  | 0.28  | M2A-ONLY      
  v5 N->F opera->opera L24         | 0.96  | 1.00  | 1.000   | 1.000   | +0.000 |  0.0% | 50.0% | 0.68  | 1.00  | LUCKY-NEG *L  
  v5 N->F opera->first L24         | 0.96  | 1.00  | 0.760   | 0.778   | +0.018 |  0.0% | 50.0% | 0.67  | 0.58  | M2A-ONLY      
  v5 N->F opera->close L24         | 0.96  | 1.00  | 0.768   | 0.876   | +0.108 |  0.0% | 50.0% | 0.51  | 0.52  | M2A-ONLY      
  v5 N->F opera->sente L24         | 0.96  | 1.00  | 0.318   | 0.684   | +0.366 |  0.2% | 50.2% | 0.93  | 0.64  | M2A-ONLY      
  v5 N->F sente->opera L24         | 0.98  | 1.00  | 0.900   | 0.900   | +0.000 |  0.0% | 50.0% | 0.45  | 1.00  | LUCKY-NEG *L  
  v5 N->F sente->first L24         | 0.98  | 1.00  | 0.762   | 0.872   | +0.110 |  7.8% | 48.8% | 0.23  | 0.32  | M2A-ONLY      
  v5 N->F sente->close L24         | 0.98  | 1.00  | 0.568   | 0.766   | +0.198 |  0.0% | 50.0% | 0.89  | 0.76  | M2A-ONLY      
  v5 N->F sente->sente L24         | 0.98  | 1.00  | 0.748   | 0.922   | +0.174 |  2.0% | 52.0% | 0.82  | 0.36  | M2A-ONLY      
  v5 F->N opera->opera L24         | 1.00  | 0.96  | 0.170   | 0.550   | +0.380 |  0.4% | 50.1% | 0.97  | 0.96  | LUCKY-NEG *L  
  v5 F->N opera->sente L24         | 1.00  | 0.98  | 0.100   | 0.500   | +0.400 |  0.0% | 50.0% | 1.00  | 1.00  | LUCKY-NEG *L  
  v5 F->N first->opera L24         | 1.00  | 0.96  | 0.190   | 0.538   | +0.348 |  0.2% | 50.0% | 1.00  | 0.98  | LUCKY-NEG *L  
  v5 F->N first->sente L24         | 1.00  | 0.98  | 0.104   | 0.500   | +0.396 |  0.0% | 50.0% | 1.00  | 1.00  | LUCKY-NEG *L  
  v5 F->N close->opera L24         | 1.00  | 0.96  | 0.368   | 0.566   | +0.198 | 99.5% | 49.8% | 0.59  | 0.44  | FAIL          
  v5 F->N close->sente L24         | 1.00  | 0.98  | 0.248   | 0.542   | +0.294 | 99.5% | 50.2% | 0.63  | 0.66  | FAIL          
  v5 F->N sente->opera L24         | 1.00  | 0.96  | 0.390   | 0.704   | +0.314 |  4.8% | 51.0% | 0.67  | 0.74  | M2A-ONLY      
  v5 F->N sente->sente L24         | 1.00  | 0.98  | 0.612   | 0.808   | +0.196 | 21.0% | 49.2% | 0.46  | 0.40  | M2A-ONLY      

  TOP-8 cells under v5 (sort: M2-arity desc, M4b desc, M4c asc):
     1. v5 F->N first->opera L 4         | M2c=1.000 | M2a=1.000 | M4b= 53.0% | M4c=0.53 | M4a= 21.5% | verdict=M2A-ONLY
     2. v5 N->F opera->close L16         | M2c=1.000 | M2a=1.000 | M4b= 50.0% | M4c=0.88 | M4a=  0.0% | verdict=M2A-ONLY
     3. v5 N->F sente->close L 7         | M2c=0.902 | M2a=1.000 | M4b= 50.0% | M4c=0.99 | M4a=  0.0% | verdict=M2A-ONLY
     4. v5 N->F sente->close L 4         | M2c=0.658 | M2a=0.982 | M4b= 50.0% | M4c=0.81 | M4a=  0.0% | verdict=M2A-ONLY
     5. v5 N->F sente->first L 7         | M2c=0.848 | M2a=0.978 | M4b= 48.6% | M4c=0.52 | M4a=  3.1% | verdict=M2A-ONLY
     6. v5 F->N opera->opera L 4         | M2c=0.760 | M2a=0.958 | M4b= 51.1% | M4c=0.97 | M4a= 98.4% | verdict=M2A-ONLY
     7. v5 N->F opera->first L 7         | M2c=0.892 | M2a=0.956 | M4b= 46.8% | M4c=0.94 | M4a= 96.8% | verdict=M2A-ONLY
     8. v5 F->N first->opera L 7         | M2c=0.898 | M2a=0.938 | M4b= 49.9% | M4c=0.55 | M4a= 75.1% | verdict=M2A-ONLY

  Canonical-readout breakdown of invented mass at the top-3 M2-canonical cells under v5:
  (Strict-arity prediction: invented binary words spread across binary canonicals; invented unary words spread across unary canonicals.)
  (Default-to-rarest-canonical prediction: mass concentrates on one or two low-frequency canonicals regardless of intended arity.)

    >> v5 N->F opera->opera L 4 (M2c=1.000, M4b=0.562, M4c=0.32)
       bliq       (int.B: and        ) -> negate        100.0%   arity-MISMATCH
       dren       (int.B: or         ) -> nand          100.0%   arity-match
       molex      (int.B: implies    ) -> xor           100.0%   arity-match
       krev       (int.B: and        ) -> negate        100.0%   arity-MISMATCH
       sond       (int.B: or         ) -> nand          100.0%   arity-match
       glin       (int.B: implies    ) -> nand          100.0%   arity-match
       twiv       (int.B: and        ) -> xor           100.0%   arity-match
       fump       (int.B: or         ) -> negate        100.0%   arity-MISMATCH
       vusp       (int.U: not        ) -> negate        100.0%   arity-match
       perph      (int.U: necessarily) -> possibly      100.0%   arity-match
       kelm       (int.U: not        ) -> nand          100.0%   arity-MISMATCH
       zorf       (int.U: not        ) -> xor           100.0%   arity-MISMATCH
       gleph      (int.U: necessarily) -> negate        100.0%   arity-match
       drelth     (int.U: necessarily) -> nand          100.0%   arity-MISMATCH
       vrith      (int.U: not        ) -> nand          100.0%   arity-MISMATCH
       nilph      (int.U: necessarily) -> negate        100.0%   arity-match

    >> v5 N->F sente->opera L 4 (M2c=1.000, M4b=0.500, M4c=0.70)
       bliq       (int.B: and        ) -> xor           100.0%   arity-match
       dren       (int.B: or         ) -> xor           100.0%   arity-match
       molex      (int.B: implies    ) -> xor           100.0%   arity-match
       krev       (int.B: and        ) -> xor           100.0%   arity-match
       sond       (int.B: or         ) -> nand          100.0%   arity-match
       glin       (int.B: implies    ) -> xor           100.0%   arity-match
       twiv       (int.B: and        ) -> xor           100.0%   arity-match
       fump       (int.B: or         ) -> xor           100.0%   arity-match
       vusp       (int.U: not        ) -> xor           100.0%   arity-MISMATCH
       perph      (int.U: necessarily) -> xor           100.0%   arity-MISMATCH
       kelm       (int.U: not        ) -> nand          100.0%   arity-MISMATCH
       zorf       (int.U: not        ) -> xor           100.0%   arity-MISMATCH
       gleph      (int.U: necessarily) -> xor           100.0%   arity-MISMATCH
       drelth     (int.U: necessarily) -> xor           100.0%   arity-MISMATCH
       vrith      (int.U: not        ) -> xor           100.0%   arity-MISMATCH
       nilph      (int.U: necessarily) -> nand          100.0%   arity-MISMATCH

    >> v5 F->N first->opera L 4 (M2c=1.000, M4b=0.530, M4c=0.53)
       bliq       (int.B: and        ) -> xor            64.0%   arity-match
       dren       (int.B: or         ) -> xor            46.0%   arity-match
       molex      (int.B: implies    ) -> xor            92.0%   arity-match
       krev       (int.B: and        ) -> xor            94.0%   arity-match
       sond       (int.B: or         ) -> xor            44.0%   arity-match
       glin       (int.B: implies    ) -> xor            78.0%   arity-match
       twiv       (int.B: and        ) -> xor            92.0%   arity-match
       fump       (int.B: or         ) -> xor            52.0%   arity-match
       vusp       (int.U: not        ) -> xor            84.0%   arity-MISMATCH
       perph      (int.U: necessarily) -> xor            46.0%   arity-MISMATCH
       kelm       (int.U: not        ) -> xor            76.0%   arity-MISMATCH
       zorf       (int.U: not        ) -> xor            98.0%   arity-MISMATCH
       gleph      (int.U: necessarily) -> xor            70.0%   arity-MISMATCH
       drelth     (int.U: necessarily) -> xor            58.0%   arity-MISMATCH
       vrith      (int.U: not        ) -> xor            84.0%   arity-MISMATCH
       nilph      (int.U: necessarily) -> negate         50.0%   arity-match

====================================================================================================
PHASE D: candidate-cell falsification chain (within Pythia)
====================================================================================================

  v3-PASS candidates (3). Checking same-cell v4 and v5 verdicts:
    >> v3 N->F opera->close L 4
       v3: M2a=0.920 M4b=0.668 M4c=0.44 verdict=PASS-arity
       v4: M2a=0.920 M4b=0.699 M4c=0.43 verdict=PASS-arity
       v5: M2a=0.794 M4b=0.466 M4c=0.50 verdict=M2A-ONLY
       verdict: survives v4 but retracted by v5 (10-canonical expansion)
    >> v3 N->F opera->close L 7
       v3: M2a=1.000 M4b=0.796 M4c=0.55 verdict=PASS-arity
       v4: M2a=1.000 M4b=0.736 M4c=0.56 verdict=PASS-arity
       v5: M2a=0.886 M4b=0.286 M4c=0.36 verdict=M2A-ONLY
       verdict: survives v4 but retracted by v5 (10-canonical expansion)
    >> v3 N->F opera->close L16
       v3: M2a=1.000 M4b=0.756 M4c=0.64 verdict=PASS-arity
       v4: M2a=1.000 M4b=0.583 M4c=0.81 verdict=M2A-ONLY
       v5: M2a=1.000 M4b=0.500 M4c=0.88 verdict=M2A-ONLY
       verdict: retracted by v4 (16-invented expansion)

====================================================================================================
PHASE D2: bootstrap M4b on the best v5 cell (if any cross-notation M2-cano PASS)
====================================================================================================
  Bootstrap M4b on top-M2c v5 cell: v5 N->F opera->opera L 4
    M2c=1.000 M2a=1.000
    M4b point=0.562, bootstrap mean=0.562, std=0.000, 95%CI [0.562, 0.562], P(>=0.65)=0.0%

========================================================================================================================================================================================================
PYTHIA 6.9B-deduped: PHASE 2 REPLICATION HEADLINE
========================================================================================================================================================================================================

  Question 1 (P1): does Pythia exhibit M2-canonical PASS (>= 0.65) at any cross-notation (anchor, layer) cell?
    v3 (5-class): 42/80 cells PASS; best = 1.000 at v3 N->F opera->opera L 4
    v4 (5-class): 42/80 cells PASS; best = 1.000 at v4 N->F opera->opera L 4
    v5 (10-class): 31/80 cells PASS; best = 1.000 at v5 N->F opera->opera L 4

  Question 2 (P2): does Pythia exhibit PASS-arity verdict at v3, and is it retracted at v4/v5?
    v3 PASS-arity cells: 3
    v4 PASS-arity cells: 3
    v5 PASS-arity cells: 0
    v3 PASS-arity candidates:
      - v3 N->F opera->close L 4 | M2a=0.920 M4b=0.668 M4c=0.44
      - v3 N->F opera->close L 7 | M2a=1.000 M4b=0.796 M4c=0.55
      - v3 N->F opera->close L16 | M2a=1.000 M4b=0.756 M4c=0.64

  Question 3 (P3): does Pythia's v5 default-to-rarest-canonical mechanism
  point at the new canonicals (xor/nand/possibly/always/negate)?
    Aggregate per-word top canonical across all v5 cells:
      and                : 129/1280 (10.1%)
      or                 : 61/1280 (4.8%)
      implies            : 84/1280 (6.6%)
      xor           (NEW): 285/1280 (22.3%)
      nand          (NEW): 357/1280 (27.9%)
      not                : 7/1280 (0.5%)
      necessarily        : 72/1280 (5.6%)
      possibly      (NEW): 17/1280 (1.3%)
      always        (NEW): 14/1280 (1.1%)
      negate        (NEW): 254/1280 (19.8%)

  CROSS-MODEL COMPARISON:
    OLMo 2 7B:        v3 1 PASS-arity (sentf->cp L10) then retracted by v4; v4 still 1 cell (opa->opa L7 lucky); v5 0 PASS-arity. Default canonical at v5 shifts to nand (100% on most cells).
    Gemma 2 9B:       v3 1 PASS-arity (sentf->opa L4) then retracted by v4; v4 1 PASS-arity (first->sf L8 lucky) retracted by v5; v5 0 PASS-arity. Default canonical at v5 shifts to nand or negate.
    Pythia 6.9B-d:    best M2c v3=1.00 v5=1.00; best M2a v3=1.00; best v5 M4b=0.58; PASS-arity cells: v3=3 v5=0

[logging] full transcript written to: /Users/brendan.budworth/dev/thesis/experiments/outputs/23_20260520_174223.log
